==13470== Memcheck, a memory error detector
==13470== Copyright (C) 2002-2017, and GNU GPL'd, by Julian Seward et al.
==13470== Using Valgrind-3.18.1 and LibVEX; rerun with -h for copyright info
==13470== Command: ./a.out
==13470== Parent PID: 12989
==13470== 
==13470== Conditional jump or move depends on uninitialised value(s)
==13470==    at 0x1092CE: ReLU (functions.c:37)
==13470==    by 0x10A38C: Segmenter (segmenter.c:256)
==13470==    by 0x10D8BA: main (main_test.c:207)
==13470== 
==13470== Conditional jump or move depends on uninitialised value(s)
==13470==    at 0x1092CE: ReLU (functions.c:37)
==13470==    by 0x10A532: Segmenter (segmenter.c:275)
==13470==    by 0x10D8BA: main (main_test.c:207)
==13470== 
==13470== Conditional jump or move depends on uninitialised value(s)
==13470==    at 0x1092A6: max (functions.c:22)
==13470==    by 0x10A5F2: Segmenter (segmenter.c:282)
==13470==    by 0x10D8BA: main (main_test.c:207)
==13470== 
==13470== Conditional jump or move depends on uninitialised value(s)
==13470==    at 0x1092CE: ReLU (functions.c:37)
==13470==    by 0x10A798: Segmenter (segmenter.c:305)
==13470==    by 0x10D8BA: main (main_test.c:207)
==13470== 
==13470== Conditional jump or move depends on uninitialised value(s)
==13470==    at 0x1092CE: ReLU (functions.c:37)
==13470==    by 0x10A93E: Segmenter (segmenter.c:324)
==13470==    by 0x10D8BA: main (main_test.c:207)
==13470== 
==13470== Conditional jump or move depends on uninitialised value(s)
==13470==    at 0x1092CE: ReLU (functions.c:37)
==13470==    by 0x10ABB8: Segmenter (segmenter.c:353)
==13470==    by 0x10D8BA: main (main_test.c:207)
==13470== 
==13470== Conditional jump or move depends on uninitialised value(s)
==13470==    at 0x1092CE: ReLU (functions.c:37)
==13470==    by 0x10AE2B: Segmenter (segmenter.c:380)
==13470==    by 0x10D8BA: main (main_test.c:207)
==13470== 
==13470== Conditional jump or move depends on uninitialised value(s)
==13470==    at 0x1092CE: ReLU (functions.c:37)
==13470==    by 0x10AFD1: Segmenter (segmenter.c:399)
==13470==    by 0x10D8BA: main (main_test.c:207)
==13470== 
==13470== Conditional jump or move depends on uninitialised value(s)
==13470==    at 0x1092CE: ReLU (functions.c:37)
==13470==    by 0x10B24B: Segmenter (segmenter.c:428)
==13470==    by 0x10D8BA: main (main_test.c:207)
==13470== 
==13470== Conditional jump or move depends on uninitialised value(s)
==13470==    at 0x1092CE: ReLU (functions.c:37)
==13470==    by 0x10B4BE: Segmenter (segmenter.c:455)
==13470==    by 0x10D8BA: main (main_test.c:207)
==13470== 
==13470== Conditional jump or move depends on uninitialised value(s)
==13470==    at 0x1092CE: ReLU (functions.c:37)
==13470==    by 0x10B664: Segmenter (segmenter.c:474)
==13470==    by 0x10D8BA: main (main_test.c:207)
==13470== 
==13470== Conditional jump or move depends on uninitialised value(s)
==13470==    at 0x1092CE: ReLU (functions.c:37)
==13470==    by 0x10B8DE: Segmenter (segmenter.c:503)
==13470==    by 0x10D8BA: main (main_test.c:207)
==13470== 
==13470== Conditional jump or move depends on uninitialised value(s)
==13470==    at 0x1092CE: ReLU (functions.c:37)
==13470==    by 0x10BB51: Segmenter (segmenter.c:530)
==13470==    by 0x10D8BA: main (main_test.c:207)
==13470== 
==13470== Conditional jump or move depends on uninitialised value(s)
==13470==    at 0x1092CE: ReLU (functions.c:37)
==13470==    by 0x10BCF7: Segmenter (segmenter.c:549)
==13470==    by 0x10D8BA: main (main_test.c:207)
==13470== 
==13470== Conditional jump or move depends on uninitialised value(s)
==13470==    at 0x1092CE: ReLU (functions.c:37)
==13470==    by 0x10BF71: Segmenter (segmenter.c:578)
==13470==    by 0x10D8BA: main (main_test.c:207)
==13470== 
==13470== Conditional jump or move depends on uninitialised value(s)
==13470==    at 0x1092CE: ReLU (functions.c:37)
==13470==    by 0x10C1E4: Segmenter (segmenter.c:605)
==13470==    by 0x10D8BA: main (main_test.c:207)
==13470== 
==13470== Conditional jump or move depends on uninitialised value(s)
==13470==    at 0x1092CE: ReLU (functions.c:37)
==13470==    by 0x10C38A: Segmenter (segmenter.c:624)
==13470==    by 0x10D8BA: main (main_test.c:207)
==13470== 
==13470== Conditional jump or move depends on uninitialised value(s)
==13470==    at 0x49AED08: __printf_fp_l (printf_fp.c:396)
==13470==    by 0x49CA9AC: __printf_fp_spec (vfprintf-internal.c:354)
==13470==    by 0x49CA9AC: __vfprintf_internal (vfprintf-internal.c:1558)
==13470==    by 0x49B4749: fprintf (fprintf.c:32)
==13470==    by 0x10C5DE: Segmenter (segmenter.c:650)
==13470==    by 0x10D8BA: main (main_test.c:207)
==13470== 
==13470== Conditional jump or move depends on uninitialised value(s)
==13470==    at 0x49AED22: __printf_fp_l (printf_fp.c:396)
==13470==    by 0x49CA9AC: __printf_fp_spec (vfprintf-internal.c:354)
==13470==    by 0x49CA9AC: __vfprintf_internal (vfprintf-internal.c:1558)
==13470==    by 0x49B4749: fprintf (fprintf.c:32)
==13470==    by 0x10C5DE: Segmenter (segmenter.c:650)
==13470==    by 0x10D8BA: main (main_test.c:207)
==13470== 
==13470== Conditional jump or move depends on uninitialised value(s)
==13470==    at 0x49AA55A: __mpn_extract_double (dbl2mpn.c:56)
==13470==    by 0x49AF016: __printf_fp_l (printf_fp.c:396)
==13470==    by 0x49CA9AC: __printf_fp_spec (vfprintf-internal.c:354)
==13470==    by 0x49CA9AC: __vfprintf_internal (vfprintf-internal.c:1558)
==13470==    by 0x49B4749: fprintf (fprintf.c:32)
==13470==    by 0x10C5DE: Segmenter (segmenter.c:650)
==13470==    by 0x10D8BA: main (main_test.c:207)
==13470== 
==13470== Conditional jump or move depends on uninitialised value(s)
==13470==    at 0x49AF066: __printf_fp_l (printf_fp.c:437)
==13470==    by 0x49CA9AC: __printf_fp_spec (vfprintf-internal.c:354)
==13470==    by 0x49CA9AC: __vfprintf_internal (vfprintf-internal.c:1558)
==13470==    by 0x49B4749: fprintf (fprintf.c:32)
==13470==    by 0x10C5DE: Segmenter (segmenter.c:650)
==13470==    by 0x10D8BA: main (main_test.c:207)
==13470== 
==13470== Conditional jump or move depends on uninitialised value(s)
==13470==    at 0x49AF089: __printf_fp_l (printf_fp.c:437)
==13470==    by 0x49CA9AC: __printf_fp_spec (vfprintf-internal.c:354)
==13470==    by 0x49CA9AC: __vfprintf_internal (vfprintf-internal.c:1558)
==13470==    by 0x49B4749: fprintf (fprintf.c:32)
==13470==    by 0x10C5DE: Segmenter (segmenter.c:650)
==13470==    by 0x10D8BA: main (main_test.c:207)
==13470== 
==13470== Use of uninitialised value of size 8
==13470==    at 0x49AF954: __printf_fp_l (printf_fp.c:437)
==13470==    by 0x49CA9AC: __printf_fp_spec (vfprintf-internal.c:354)
==13470==    by 0x49CA9AC: __vfprintf_internal (vfprintf-internal.c:1558)
==13470==    by 0x49B4749: fprintf (fprintf.c:32)
==13470==    by 0x10C5DE: Segmenter (segmenter.c:650)
==13470==    by 0x10D8BA: main (main_test.c:207)
==13470== 
==13470== Conditional jump or move depends on uninitialised value(s)
==13470==    at 0x49AF0B9: __printf_fp_l (printf_fp.c:438)
==13470==    by 0x49CA9AC: __printf_fp_spec (vfprintf-internal.c:354)
==13470==    by 0x49CA9AC: __vfprintf_internal (vfprintf-internal.c:1558)
==13470==    by 0x49B4749: fprintf (fprintf.c:32)
==13470==    by 0x10C5DE: Segmenter (segmenter.c:650)
==13470==    by 0x10D8BA: main (main_test.c:207)
==13470== 
==13470== Conditional jump or move depends on uninitialised value(s)
==13470==    at 0x49AF0DC: __printf_fp_l (printf_fp.c:438)
==13470==    by 0x49CA9AC: __printf_fp_spec (vfprintf-internal.c:354)
==13470==    by 0x49CA9AC: __vfprintf_internal (vfprintf-internal.c:1558)
==13470==    by 0x49B4749: fprintf (fprintf.c:32)
==13470==    by 0x10C5DE: Segmenter (segmenter.c:650)
==13470==    by 0x10D8BA: main (main_test.c:207)
==13470== 
==13470== Use of uninitialised value of size 8
==13470==    at 0x49AF0DE: __printf_fp_l (printf_fp.c:438)
==13470==    by 0x49CA9AC: __printf_fp_spec (vfprintf-internal.c:354)
==13470==    by 0x49CA9AC: __vfprintf_internal (vfprintf-internal.c:1558)
==13470==    by 0x49B4749: fprintf (fprintf.c:32)
==13470==    by 0x10C5DE: Segmenter (segmenter.c:650)
==13470==    by 0x10D8BA: main (main_test.c:207)
==13470== 
==13470== Conditional jump or move depends on uninitialised value(s)
==13470==    at 0x49AF107: __printf_fp_l (printf_fp.c:439)
==13470==    by 0x49CA9AC: __printf_fp_spec (vfprintf-internal.c:354)
==13470==    by 0x49CA9AC: __vfprintf_internal (vfprintf-internal.c:1558)
==13470==    by 0x49B4749: fprintf (fprintf.c:32)
==13470==    by 0x10C5DE: Segmenter (segmenter.c:650)
==13470==    by 0x10D8BA: main (main_test.c:207)
==13470== 
==13470== Conditional jump or move depends on uninitialised value(s)
==13470==    at 0x49AF12C: __printf_fp_l (printf_fp.c:439)
==13470==    by 0x49CA9AC: __printf_fp_spec (vfprintf-internal.c:354)
==13470==    by 0x49CA9AC: __vfprintf_internal (vfprintf-internal.c:1558)
==13470==    by 0x49B4749: fprintf (fprintf.c:32)
==13470==    by 0x10C5DE: Segmenter (segmenter.c:650)
==13470==    by 0x10D8BA: main (main_test.c:207)
==13470== 
==13470== Use of uninitialised value of size 8
==13470==    at 0x49AF12E: __printf_fp_l (printf_fp.c:439)
==13470==    by 0x49CA9AC: __printf_fp_spec (vfprintf-internal.c:354)
==13470==    by 0x49CA9AC: __vfprintf_internal (vfprintf-internal.c:1558)
==13470==    by 0x49B4749: fprintf (fprintf.c:32)
==13470==    by 0x10C5DE: Segmenter (segmenter.c:650)
==13470==    by 0x10D8BA: main (main_test.c:207)
==13470== 
==13470== Conditional jump or move depends on uninitialised value(s)
==13470==    at 0x49AF14C: __printf_fp_l (printf_fp.c:446)
==13470==    by 0x49CA9AC: __printf_fp_spec (vfprintf-internal.c:354)
==13470==    by 0x49CA9AC: __vfprintf_internal (vfprintf-internal.c:1558)
==13470==    by 0x49B4749: fprintf (fprintf.c:32)
==13470==    by 0x10C5DE: Segmenter (segmenter.c:650)
==13470==    by 0x10D8BA: main (main_test.c:207)
==13470== 
==13470== Conditional jump or move depends on uninitialised value(s)
==13470==    at 0x49B01ED: __printf_fp_l (printf_fp.c:649)
==13470==    by 0x49CA9AC: __printf_fp_spec (vfprintf-internal.c:354)
==13470==    by 0x49CA9AC: __vfprintf_internal (vfprintf-internal.c:1558)
==13470==    by 0x49B4749: fprintf (fprintf.c:32)
==13470==    by 0x10C5DE: Segmenter (segmenter.c:650)
==13470==    by 0x10D8BA: main (main_test.c:207)
==13470== 
==13470== Use of uninitialised value of size 8
==13470==    at 0x49B04DE: __printf_fp_l (printf_fp.c:665)
==13470==    by 0x49CA9AC: __printf_fp_spec (vfprintf-internal.c:354)
==13470==    by 0x49CA9AC: __vfprintf_internal (vfprintf-internal.c:1558)
==13470==    by 0x49B4749: fprintf (fprintf.c:32)
==13470==    by 0x10C5DE: Segmenter (segmenter.c:650)
==13470==    by 0x10D8BA: main (main_test.c:207)
==13470== 
==13470== Use of uninitialised value of size 8
==13470==    at 0x49A8DBC: __mpn_lshift (lshift.S:59)
==13470==    by 0x49B04E2: __printf_fp_l (printf_fp.c:665)
==13470==    by 0x49CA9AC: __printf_fp_spec (vfprintf-internal.c:354)
==13470==    by 0x49CA9AC: __vfprintf_internal (vfprintf-internal.c:1558)
==13470==    by 0x49B4749: fprintf (fprintf.c:32)
==13470==    by 0x10C5DE: Segmenter (segmenter.c:650)
==13470==    by 0x10D8BA: main (main_test.c:207)
==13470== 
==13470== Use of uninitialised value of size 8
==13470==    at 0x49A8DBF: __mpn_lshift (lshift.S:60)
==13470==    by 0x49B04E2: __printf_fp_l (printf_fp.c:665)
==13470==    by 0x49CA9AC: __printf_fp_spec (vfprintf-internal.c:354)
==13470==    by 0x49CA9AC: __vfprintf_internal (vfprintf-internal.c:1558)
==13470==    by 0x49B4749: fprintf (fprintf.c:32)
==13470==    by 0x10C5DE: Segmenter (segmenter.c:650)
==13470==    by 0x10D8BA: main (main_test.c:207)
==13470== 
==13470== Use of uninitialised value of size 8
==13470==    at 0x49B051F: __printf_fp_l (printf_fp.c:666)
==13470==    by 0x49CA9AC: __printf_fp_spec (vfprintf-internal.c:354)
==13470==    by 0x49CA9AC: __vfprintf_internal (vfprintf-internal.c:1558)
==13470==    by 0x49B4749: fprintf (fprintf.c:32)
==13470==    by 0x10C5DE: Segmenter (segmenter.c:650)
==13470==    by 0x10D8BA: main (main_test.c:207)
==13470== 
==13470== Conditional jump or move depends on uninitialised value(s)
==13470==    at 0x49B05E4: __printf_fp_l (printf_fp.c:677)
==13470==    by 0x49CA9AC: __printf_fp_spec (vfprintf-internal.c:354)
==13470==    by 0x49CA9AC: __vfprintf_internal (vfprintf-internal.c:1558)
==13470==    by 0x49B4749: fprintf (fprintf.c:32)
==13470==    by 0x10C5DE: Segmenter (segmenter.c:650)
==13470==    by 0x10D8BA: main (main_test.c:207)
==13470== 
==13470== Conditional jump or move depends on uninitialised value(s)
==13470==    at 0x49B05D7: __printf_fp_l (printf_fp.c:789)
==13470==    by 0x49CA9AC: __printf_fp_spec (vfprintf-internal.c:354)
==13470==    by 0x49CA9AC: __vfprintf_internal (vfprintf-internal.c:1558)
==13470==    by 0x49B4749: fprintf (fprintf.c:32)
==13470==    by 0x10C5DE: Segmenter (segmenter.c:650)
==13470==    by 0x10D8BA: main (main_test.c:207)
==13470== 
==13470== Conditional jump or move depends on uninitialised value(s)
==13470==    at 0x49B0B5C: __printf_fp_l (printf_fp.c:791)
==13470==    by 0x49CA9AC: __printf_fp_spec (vfprintf-internal.c:354)
==13470==    by 0x49CA9AC: __vfprintf_internal (vfprintf-internal.c:1558)
==13470==    by 0x49B4749: fprintf (fprintf.c:32)
==13470==    by 0x10C5DE: Segmenter (segmenter.c:650)
==13470==    by 0x10D8BA: main (main_test.c:207)
==13470== 
==13470== Use of uninitialised value of size 8
==13470==    at 0x49A9478: __mpn_mul_1 (mul_1.S:36)
==13470==    by 0x49B0B7D: __printf_fp_l (printf_fp.c:795)
==13470==    by 0x49CA9AC: __printf_fp_spec (vfprintf-internal.c:354)
==13470==    by 0x49CA9AC: __vfprintf_internal (vfprintf-internal.c:1558)
==13470==    by 0x49B4749: fprintf (fprintf.c:32)
==13470==    by 0x10C5DE: Segmenter (segmenter.c:650)
==13470==    by 0x10D8BA: main (main_test.c:207)
==13470== 
==13470== Use of uninitialised value of size 8
==13470==    at 0x49A9503: __mpn_mul_1 (mul_1.S:85)
==13470==    by 0x49B0B7D: __printf_fp_l (printf_fp.c:795)
==13470==    by 0x49CA9AC: __printf_fp_spec (vfprintf-internal.c:354)
==13470==    by 0x49CA9AC: __vfprintf_internal (vfprintf-internal.c:1558)
==13470==    by 0x49B4749: fprintf (fprintf.c:32)
==13470==    by 0x10C5DE: Segmenter (segmenter.c:650)
==13470==    by 0x10D8BA: main (main_test.c:207)
==13470== 
==13470== Use of uninitialised value of size 8
==13470==    at 0x49A9572: __mpn_mul_1 (mul_1.S:117)
==13470==    by 0x49B0B7D: __printf_fp_l (printf_fp.c:795)
==13470==    by 0x49CA9AC: __printf_fp_spec (vfprintf-internal.c:354)
==13470==    by 0x49CA9AC: __vfprintf_internal (vfprintf-internal.c:1558)
==13470==    by 0x49B4749: fprintf (fprintf.c:32)
==13470==    by 0x10C5DE: Segmenter (segmenter.c:650)
==13470==    by 0x10D8BA: main (main_test.c:207)
==13470== 
==13470== Use of uninitialised value of size 8
==13470==    at 0x49B0B9C: __printf_fp_l (printf_fp.c:799)
==13470==    by 0x49CA9AC: __printf_fp_spec (vfprintf-internal.c:354)
==13470==    by 0x49CA9AC: __vfprintf_internal (vfprintf-internal.c:1558)
==13470==    by 0x49B4749: fprintf (fprintf.c:32)
==13470==    by 0x10C5DE: Segmenter (segmenter.c:650)
==13470==    by 0x10D8BA: main (main_test.c:207)
==13470== 
==13470== Conditional jump or move depends on uninitialised value(s)
==13470==    at 0x49B0BA8: __printf_fp_l (printf_fp.c:800)
==13470==    by 0x49CA9AC: __printf_fp_spec (vfprintf-internal.c:354)
==13470==    by 0x49CA9AC: __vfprintf_internal (vfprintf-internal.c:1558)
==13470==    by 0x49B4749: fprintf (fprintf.c:32)
==13470==    by 0x10C5DE: Segmenter (segmenter.c:650)
==13470==    by 0x10D8BA: main (main_test.c:207)
==13470== 
==13470== Use of uninitialised value of size 8
==13470==    at 0x49A8EDC: __mpn_rshift (rshift.S:62)
==13470==    by 0x49B1160: __printf_fp_l (printf_fp.c:808)
==13470==    by 0x49CA9AC: __printf_fp_spec (vfprintf-internal.c:354)
==13470==    by 0x49CA9AC: __vfprintf_internal (vfprintf-internal.c:1558)
==13470==    by 0x49B4749: fprintf (fprintf.c:32)
==13470==    by 0x10C5DE: Segmenter (segmenter.c:650)
==13470==    by 0x10D8BA: main (main_test.c:207)
==13470== 
==13470== Use of uninitialised value of size 8
==13470==    at 0x49A8F01: __mpn_rshift (rshift.S:73)
==13470==    by 0x49B1160: __printf_fp_l (printf_fp.c:808)
==13470==    by 0x49CA9AC: __printf_fp_spec (vfprintf-internal.c:354)
==13470==    by 0x49CA9AC: __vfprintf_internal (vfprintf-internal.c:1558)
==13470==    by 0x49B4749: fprintf (fprintf.c:32)
==13470==    by 0x10C5DE: Segmenter (segmenter.c:650)
==13470==    by 0x10D8BA: main (main_test.c:207)
==13470== 
==13470== Use of uninitialised value of size 8
==13470==    at 0x49AE609: hack_digit (printf_fp.c:177)
==13470==    by 0x49AF6B3: __printf_fp_l (printf_fp.c:966)
==13470==    by 0x49CA9AC: __printf_fp_spec (vfprintf-internal.c:354)
==13470==    by 0x49CA9AC: __vfprintf_internal (vfprintf-internal.c:1558)
==13470==    by 0x49B4749: fprintf (fprintf.c:32)
==13470==    by 0x10C5DE: Segmenter (segmenter.c:650)
==13470==    by 0x10D8BA: main (main_test.c:207)
==13470== 
==13470== Use of uninitialised value of size 8
==13470==    at 0x49A9478: __mpn_mul_1 (mul_1.S:36)
==13470==    by 0x49AE610: hack_digit (printf_fp.c:178)
==13470==    by 0x49AF6B3: __printf_fp_l (printf_fp.c:966)
==13470==    by 0x49CA9AC: __printf_fp_spec (vfprintf-internal.c:354)
==13470==    by 0x49CA9AC: __vfprintf_internal (vfprintf-internal.c:1558)
==13470==    by 0x49B4749: fprintf (fprintf.c:32)
==13470==    by 0x10C5DE: Segmenter (segmenter.c:650)
==13470==    by 0x10D8BA: main (main_test.c:207)
==13470== 
==13470== Use of uninitialised value of size 8
==13470==    at 0x49A949C: __mpn_mul_1 (mul_1.S:52)
==13470==    by 0x49AE610: hack_digit (printf_fp.c:178)
==13470==    by 0x49AF6B3: __printf_fp_l (printf_fp.c:966)
==13470==    by 0x49CA9AC: __printf_fp_spec (vfprintf-internal.c:354)
==13470==    by 0x49CA9AC: __vfprintf_internal (vfprintf-internal.c:1558)
==13470==    by 0x49B4749: fprintf (fprintf.c:32)
==13470==    by 0x10C5DE: Segmenter (segmenter.c:650)
==13470==    by 0x10D8BA: main (main_test.c:207)
==13470== 
==13470== Conditional jump or move depends on uninitialised value(s)
==13470==    at 0x49AFA00: __printf_fp_l (printf_fp.c:978)
==13470==    by 0x49CA9AC: __printf_fp_spec (vfprintf-internal.c:354)
==13470==    by 0x49CA9AC: __vfprintf_internal (vfprintf-internal.c:1558)
==13470==    by 0x49B4749: fprintf (fprintf.c:32)
==13470==    by 0x10C5DE: Segmenter (segmenter.c:650)
==13470==    by 0x10D8BA: main (main_test.c:207)
==13470== 
==13470== Use of uninitialised value of size 8
==13470==    at 0x49AE609: hack_digit (printf_fp.c:177)
==13470==    by 0x49AFA1A: __printf_fp_l (printf_fp.c:979)
==13470==    by 0x49CA9AC: __printf_fp_spec (vfprintf-internal.c:354)
==13470==    by 0x49CA9AC: __vfprintf_internal (vfprintf-internal.c:1558)
==13470==    by 0x49B4749: fprintf (fprintf.c:32)
==13470==    by 0x10C5DE: Segmenter (segmenter.c:650)
==13470==    by 0x10D8BA: main (main_test.c:207)
==13470== 
==13470== Use of uninitialised value of size 8
==13470==    at 0x49A9478: __mpn_mul_1 (mul_1.S:36)
==13470==    by 0x49AE610: hack_digit (printf_fp.c:178)
==13470==    by 0x49AFA1A: __printf_fp_l (printf_fp.c:979)
==13470==    by 0x49CA9AC: __printf_fp_spec (vfprintf-internal.c:354)
==13470==    by 0x49CA9AC: __vfprintf_internal (vfprintf-internal.c:1558)
==13470==    by 0x49B4749: fprintf (fprintf.c:32)
==13470==    by 0x10C5DE: Segmenter (segmenter.c:650)
==13470==    by 0x10D8BA: main (main_test.c:207)
==13470== 
==13470== Use of uninitialised value of size 8
==13470==    at 0x49A949C: __mpn_mul_1 (mul_1.S:52)
==13470==    by 0x49AE610: hack_digit (printf_fp.c:178)
==13470==    by 0x49AFA1A: __printf_fp_l (printf_fp.c:979)
==13470==    by 0x49CA9AC: __printf_fp_spec (vfprintf-internal.c:354)
==13470==    by 0x49CA9AC: __vfprintf_internal (vfprintf-internal.c:1558)
==13470==    by 0x49B4749: fprintf (fprintf.c:32)
==13470==    by 0x10C5DE: Segmenter (segmenter.c:650)
==13470==    by 0x10D8BA: main (main_test.c:207)
==13470== 
==13470== Conditional jump or move depends on uninitialised value(s)
==13470==    at 0x49AFA3A: __printf_fp_l (printf_fp.c:981)
==13470==    by 0x49CA9AC: __printf_fp_spec (vfprintf-internal.c:354)
==13470==    by 0x49CA9AC: __vfprintf_internal (vfprintf-internal.c:1558)
==13470==    by 0x49B4749: fprintf (fprintf.c:32)
==13470==    by 0x10C5DE: Segmenter (segmenter.c:650)
==13470==    by 0x10D8BA: main (main_test.c:207)
==13470== 
==13470== Conditional jump or move depends on uninitialised value(s)
==13470==    at 0x49AFAA8: round_away (rounding-mode.h:52)
==13470==    by 0x49AFAA8: __printf_fp_l (printf_fp.c:998)
==13470==    by 0x49CA9AC: __printf_fp_spec (vfprintf-internal.c:354)
==13470==    by 0x49CA9AC: __vfprintf_internal (vfprintf-internal.c:1558)
==13470==    by 0x49B4749: fprintf (fprintf.c:32)
==13470==    by 0x10C5DE: Segmenter (segmenter.c:650)
==13470==    by 0x10D8BA: main (main_test.c:207)
==13470== 
==13470== Conditional jump or move depends on uninitialised value(s)
==13470==    at 0x49AFAB6: round_away (rounding-mode.h:58)
==13470==    by 0x49AFAB6: __printf_fp_l (printf_fp.c:998)
==13470==    by 0x49CA9AC: __printf_fp_spec (vfprintf-internal.c:354)
==13470==    by 0x49CA9AC: __vfprintf_internal (vfprintf-internal.c:1558)
==13470==    by 0x49B4749: fprintf (fprintf.c:32)
==13470==    by 0x10C5DE: Segmenter (segmenter.c:650)
==13470==    by 0x10D8BA: main (main_test.c:207)
==13470== 
==13470== Conditional jump or move depends on uninitialised value(s)
==13470==    at 0x49B0101: __printf_fp_l (printf_fp.c:1008)
==13470==    by 0x49CA9AC: __printf_fp_spec (vfprintf-internal.c:354)
==13470==    by 0x49CA9AC: __vfprintf_internal (vfprintf-internal.c:1558)
==13470==    by 0x49B4749: fprintf (fprintf.c:32)
==13470==    by 0x10C5DE: Segmenter (segmenter.c:650)
==13470==    by 0x10D8BA: main (main_test.c:207)
==13470== 
==13470== Conditional jump or move depends on uninitialised value(s)
==13470==    at 0x49B012B: __printf_fp_l (printf_fp.c:1008)
==13470==    by 0x49CA9AC: __printf_fp_spec (vfprintf-internal.c:354)
==13470==    by 0x49CA9AC: __vfprintf_internal (vfprintf-internal.c:1558)
==13470==    by 0x49B4749: fprintf (fprintf.c:32)
==13470==    by 0x10C5DE: Segmenter (segmenter.c:650)
==13470==    by 0x10D8BA: main (main_test.c:207)
==13470== 
==13470== Conditional jump or move depends on uninitialised value(s)
==13470==    at 0x49B016E: __printf_fp_l (printf_fp.c:1028)
==13470==    by 0x49CA9AC: __printf_fp_spec (vfprintf-internal.c:354)
==13470==    by 0x49CA9AC: __vfprintf_internal (vfprintf-internal.c:1558)
==13470==    by 0x49B4749: fprintf (fprintf.c:32)
==13470==    by 0x10C5DE: Segmenter (segmenter.c:650)
==13470==    by 0x10D8BA: main (main_test.c:207)
==13470== 
==13470== Conditional jump or move depends on uninitialised value(s)
==13470==    at 0x49AFD1C: __printf_fp_l (printf_fp.c:1166)
==13470==    by 0x49CA9AC: __printf_fp_spec (vfprintf-internal.c:354)
==13470==    by 0x49CA9AC: __vfprintf_internal (vfprintf-internal.c:1558)
==13470==    by 0x49B4749: fprintf (fprintf.c:32)
==13470==    by 0x10C5DE: Segmenter (segmenter.c:650)
==13470==    by 0x10D8BA: main (main_test.c:207)
==13470== 
==13470== Conditional jump or move depends on uninitialised value(s)
==13470==    at 0x49AFD9B: __printf_fp_l (printf_fp.c:1173)
==13470==    by 0x49CA9AC: __printf_fp_spec (vfprintf-internal.c:354)
==13470==    by 0x49CA9AC: __vfprintf_internal (vfprintf-internal.c:1558)
==13470==    by 0x49B4749: fprintf (fprintf.c:32)
==13470==    by 0x10C5DE: Segmenter (segmenter.c:650)
==13470==    by 0x10D8BA: main (main_test.c:207)
==13470== 
==13470== Conditional jump or move depends on uninitialised value(s)
==13470==    at 0x49AFF65: __printf_fp_l (printf_fp.c:1228)
==13470==    by 0x49CA9AC: __printf_fp_spec (vfprintf-internal.c:354)
==13470==    by 0x49CA9AC: __vfprintf_internal (vfprintf-internal.c:1558)
==13470==    by 0x49B4749: fprintf (fprintf.c:32)
==13470==    by 0x10C5DE: Segmenter (segmenter.c:650)
==13470==    by 0x10D8BA: main (main_test.c:207)
==13470== 
==13470== Conditional jump or move depends on uninitialised value(s)
==13470==    at 0x49AFF4B: __printf_fp_l (printf_fp.c:1230)
==13470==    by 0x49CA9AC: __printf_fp_spec (vfprintf-internal.c:354)
==13470==    by 0x49CA9AC: __vfprintf_internal (vfprintf-internal.c:1558)
==13470==    by 0x49B4749: fprintf (fprintf.c:32)
==13470==    by 0x10C5DE: Segmenter (segmenter.c:650)
==13470==    by 0x10D8BA: main (main_test.c:207)
==13470== 
==13470== Use of uninitialised value of size 8
==13470==    at 0x49B01FC: __printf_fp_l (printf_fp.c:825)
==13470==    by 0x49CA9AC: __printf_fp_spec (vfprintf-internal.c:354)
==13470==    by 0x49CA9AC: __vfprintf_internal (vfprintf-internal.c:1558)
==13470==    by 0x49B4749: fprintf (fprintf.c:32)
==13470==    by 0x10C5DE: Segmenter (segmenter.c:650)
==13470==    by 0x10D8BA: main (main_test.c:207)
==13470== 
==13470== Use of uninitialised value of size 8
==13470==    at 0x49A8DBC: __mpn_lshift (lshift.S:59)
==13470==    by 0x49B0200: __printf_fp_l (printf_fp.c:825)
==13470==    by 0x49CA9AC: __printf_fp_spec (vfprintf-internal.c:354)
==13470==    by 0x49CA9AC: __vfprintf_internal (vfprintf-internal.c:1558)
==13470==    by 0x49B4749: fprintf (fprintf.c:32)
==13470==    by 0x10C5DE: Segmenter (segmenter.c:650)
==13470==    by 0x10D8BA: main (main_test.c:207)
==13470== 
==13470== Use of uninitialised value of size 8
==13470==    at 0x49A8DBF: __mpn_lshift (lshift.S:60)
==13470==    by 0x49B0200: __printf_fp_l (printf_fp.c:825)
==13470==    by 0x49CA9AC: __printf_fp_spec (vfprintf-internal.c:354)
==13470==    by 0x49CA9AC: __vfprintf_internal (vfprintf-internal.c:1558)
==13470==    by 0x49B4749: fprintf (fprintf.c:32)
==13470==    by 0x10C5DE: Segmenter (segmenter.c:650)
==13470==    by 0x10D8BA: main (main_test.c:207)
==13470== 
==13470== Use of uninitialised value of size 8
==13470==    at 0x49B021D: __printf_fp_l (printf_fp.c:826)
==13470==    by 0x49CA9AC: __printf_fp_spec (vfprintf-internal.c:354)
==13470==    by 0x49CA9AC: __vfprintf_internal (vfprintf-internal.c:1558)
==13470==    by 0x49B4749: fprintf (fprintf.c:32)
==13470==    by 0x10C5DE: Segmenter (segmenter.c:650)
==13470==    by 0x10D8BA: main (main_test.c:207)
==13470== 
==13470== Use of uninitialised value of size 8
==13470==    at 0x49AE609: hack_digit (printf_fp.c:177)
==13470==    by 0x49AF60B: __printf_fp_l (printf_fp.c:942)
==13470==    by 0x49CA9AC: __printf_fp_spec (vfprintf-internal.c:354)
==13470==    by 0x49CA9AC: __vfprintf_internal (vfprintf-internal.c:1558)
==13470==    by 0x49B4749: fprintf (fprintf.c:32)
==13470==    by 0x10C5DE: Segmenter (segmenter.c:650)
==13470==    by 0x10D8BA: main (main_test.c:207)
==13470== 
==13470== Use of uninitialised value of size 8
==13470==    at 0x49A9478: __mpn_mul_1 (mul_1.S:36)
==13470==    by 0x49AE610: hack_digit (printf_fp.c:178)
==13470==    by 0x49AF60B: __printf_fp_l (printf_fp.c:942)
==13470==    by 0x49CA9AC: __printf_fp_spec (vfprintf-internal.c:354)
==13470==    by 0x49CA9AC: __vfprintf_internal (vfprintf-internal.c:1558)
==13470==    by 0x49B4749: fprintf (fprintf.c:32)
==13470==    by 0x10C5DE: Segmenter (segmenter.c:650)
==13470==    by 0x10D8BA: main (main_test.c:207)
==13470== 
==13470== Use of uninitialised value of size 8
==13470==    at 0x49A949C: __mpn_mul_1 (mul_1.S:52)
==13470==    by 0x49AE610: hack_digit (printf_fp.c:178)
==13470==    by 0x49AF60B: __printf_fp_l (printf_fp.c:942)
==13470==    by 0x49CA9AC: __printf_fp_spec (vfprintf-internal.c:354)
==13470==    by 0x49CA9AC: __vfprintf_internal (vfprintf-internal.c:1558)
==13470==    by 0x49B4749: fprintf (fprintf.c:32)
==13470==    by 0x10C5DE: Segmenter (segmenter.c:650)
==13470==    by 0x10D8BA: main (main_test.c:207)
==13470== 
==13470== Conditional jump or move depends on uninitialised value(s)
==13470==    at 0x49AFD25: __printf_fp_l (printf_fp.c:1166)
==13470==    by 0x49CA9AC: __printf_fp_spec (vfprintf-internal.c:354)
==13470==    by 0x49CA9AC: __vfprintf_internal (vfprintf-internal.c:1558)
==13470==    by 0x49B4749: fprintf (fprintf.c:32)
==13470==    by 0x10C5DE: Segmenter (segmenter.c:650)
==13470==    by 0x10D8BA: main (main_test.c:207)
==13470== 
==13470== Use of uninitialised value of size 8
==13470==    at 0x49AFA6E: __printf_fp_l (printf_fp.c:991)
==13470==    by 0x49CA9AC: __printf_fp_spec (vfprintf-internal.c:354)
==13470==    by 0x49CA9AC: __vfprintf_internal (vfprintf-internal.c:1558)
==13470==    by 0x49B4749: fprintf (fprintf.c:32)
==13470==    by 0x10C5DE: Segmenter (segmenter.c:650)
==13470==    by 0x10D8BA: main (main_test.c:207)
==13470== 
==13470== Conditional jump or move depends on uninitialised value(s)
==13470==    at 0x49AFA74: __printf_fp_l (printf_fp.c:991)
==13470==    by 0x49CA9AC: __printf_fp_spec (vfprintf-internal.c:354)
==13470==    by 0x49CA9AC: __vfprintf_internal (vfprintf-internal.c:1558)
==13470==    by 0x49B4749: fprintf (fprintf.c:32)
==13470==    by 0x10C5DE: Segmenter (segmenter.c:650)
==13470==    by 0x10D8BA: main (main_test.c:207)
==13470== 
==13470== Conditional jump or move depends on uninitialised value(s)
==13470==    at 0x49B0122: __printf_fp_l (printf_fp.c:1008)
==13470==    by 0x49CA9AC: __printf_fp_spec (vfprintf-internal.c:354)
==13470==    by 0x49CA9AC: __vfprintf_internal (vfprintf-internal.c:1558)
==13470==    by 0x49B4749: fprintf (fprintf.c:32)
==13470==    by 0x10C5DE: Segmenter (segmenter.c:650)
==13470==    by 0x10D8BA: main (main_test.c:207)
==13470== 
==13470== Conditional jump or move depends on uninitialised value(s)
==13470==    at 0x49AFAAD: round_away (rounding-mode.h:52)
==13470==    by 0x49AFAAD: __printf_fp_l (printf_fp.c:998)
==13470==    by 0x49CA9AC: __printf_fp_spec (vfprintf-internal.c:354)
==13470==    by 0x49CA9AC: __vfprintf_internal (vfprintf-internal.c:1558)
==13470==    by 0x49B4749: fprintf (fprintf.c:32)
==13470==    by 0x10C5DE: Segmenter (segmenter.c:650)
==13470==    by 0x10D8BA: main (main_test.c:207)
==13470== 
==13470== Use of uninitialised value of size 8
==13470==    at 0x49A9478: __mpn_mul_1 (mul_1.S:36)
==13470==    by 0x49A923C: __mpn_mul (mul.c:81)
==13470==    by 0x49B0622: __printf_fp_l (printf_fp.c:690)
==13470==    by 0x49CA9AC: __printf_fp_spec (vfprintf-internal.c:354)
==13470==    by 0x49CA9AC: __vfprintf_internal (vfprintf-internal.c:1558)
==13470==    by 0x49B4749: fprintf (fprintf.c:32)
==13470==    by 0x10C5DE: Segmenter (segmenter.c:650)
==13470==    by 0x10D8BA: main (main_test.c:207)
==13470== 
==13470== Use of uninitialised value of size 8
==13470==    at 0x49A9503: __mpn_mul_1 (mul_1.S:85)
==13470==    by 0x49A923C: __mpn_mul (mul.c:81)
==13470==    by 0x49B0622: __printf_fp_l (printf_fp.c:690)
==13470==    by 0x49CA9AC: __printf_fp_spec (vfprintf-internal.c:354)
==13470==    by 0x49CA9AC: __vfprintf_internal (vfprintf-internal.c:1558)
==13470==    by 0x49B4749: fprintf (fprintf.c:32)
==13470==    by 0x10C5DE: Segmenter (segmenter.c:650)
==13470==    by 0x10D8BA: main (main_test.c:207)
==13470== 
==13470== Use of uninitialised value of size 8
==13470==    at 0x49A9572: __mpn_mul_1 (mul_1.S:117)
==13470==    by 0x49A923C: __mpn_mul (mul.c:81)
==13470==    by 0x49B0622: __printf_fp_l (printf_fp.c:690)
==13470==    by 0x49CA9AC: __printf_fp_spec (vfprintf-internal.c:354)
==13470==    by 0x49CA9AC: __vfprintf_internal (vfprintf-internal.c:1558)
==13470==    by 0x49B4749: fprintf (fprintf.c:32)
==13470==    by 0x10C5DE: Segmenter (segmenter.c:650)
==13470==    by 0x10D8BA: main (main_test.c:207)
==13470== 
==13470== Use of uninitialised value of size 8
==13470==    at 0x49A9249: __mpn_mul (mul.c:83)
==13470==    by 0x49B0622: __printf_fp_l (printf_fp.c:690)
==13470==    by 0x49CA9AC: __printf_fp_spec (vfprintf-internal.c:354)
==13470==    by 0x49CA9AC: __vfprintf_internal (vfprintf-internal.c:1558)
==13470==    by 0x49B4749: fprintf (fprintf.c:32)
==13470==    by 0x10C5DE: Segmenter (segmenter.c:650)
==13470==    by 0x10D8BA: main (main_test.c:207)
==13470== 
==13470== Conditional jump or move depends on uninitialised value(s)
==13470==    at 0x49B0564: __printf_fp_l (printf_fp.c:694)
==13470==    by 0x49CA9AC: __printf_fp_spec (vfprintf-internal.c:354)
==13470==    by 0x49CA9AC: __vfprintf_internal (vfprintf-internal.c:1558)
==13470==    by 0x49B4749: fprintf (fprintf.c:32)
==13470==    by 0x10C5DE: Segmenter (segmenter.c:650)
==13470==    by 0x10D8BA: main (main_test.c:207)
==13470== 
==13470== Use of uninitialised value of size 8
==13470==    at 0x49B0586: __printf_fp_l (printf_fp.c:697)
==13470==    by 0x49CA9AC: __printf_fp_spec (vfprintf-internal.c:354)
==13470==    by 0x49CA9AC: __vfprintf_internal (vfprintf-internal.c:1558)
==13470==    by 0x49B4749: fprintf (fprintf.c:32)
==13470==    by 0x10C5DE: Segmenter (segmenter.c:650)
==13470==    by 0x10D8BA: main (main_test.c:207)
==13470== 
==13470== Conditional jump or move depends on uninitialised value(s)
==13470==    at 0x49B05AF: __printf_fp_l (printf_fp.c:706)
==13470==    by 0x49CA9AC: __printf_fp_spec (vfprintf-internal.c:354)
==13470==    by 0x49CA9AC: __vfprintf_internal (vfprintf-internal.c:1558)
==13470==    by 0x49B4749: fprintf (fprintf.c:32)
==13470==    by 0x10C5DE: Segmenter (segmenter.c:650)
==13470==    by 0x10D8BA: main (main_test.c:207)
==13470== 
==13470== Conditional jump or move depends on uninitialised value(s)
==13470==    at 0x49B05BB: __printf_fp_l (printf_fp.c:728)
==13470==    by 0x49CA9AC: __printf_fp_spec (vfprintf-internal.c:354)
==13470==    by 0x49CA9AC: __vfprintf_internal (vfprintf-internal.c:1558)
==13470==    by 0x49B4749: fprintf (fprintf.c:32)
==13470==    by 0x10C5DE: Segmenter (segmenter.c:650)
==13470==    by 0x10D8BA: main (main_test.c:207)
==13470== 
==13470== Use of uninitialised value of size 8
==13470==    at 0x49B066C: __printf_fp_l (printf_fp.c:745)
==13470==    by 0x49CA9AC: __printf_fp_spec (vfprintf-internal.c:354)
==13470==    by 0x49CA9AC: __vfprintf_internal (vfprintf-internal.c:1558)
==13470==    by 0x49B4749: fprintf (fprintf.c:32)
==13470==    by 0x10C5DE: Segmenter (segmenter.c:650)
==13470==    by 0x10D8BA: main (main_test.c:207)
==13470== 
==13470== Conditional jump or move depends on uninitialised value(s)
==13470==    at 0x49B0672: __printf_fp_l (printf_fp.c:745)
==13470==    by 0x49CA9AC: __printf_fp_spec (vfprintf-internal.c:354)
==13470==    by 0x49CA9AC: __vfprintf_internal (vfprintf-internal.c:1558)
==13470==    by 0x49B4749: fprintf (fprintf.c:32)
==13470==    by 0x10C5DE: Segmenter (segmenter.c:650)
==13470==    by 0x10D8BA: main (main_test.c:207)
==13470== 
==13470== Conditional jump or move depends on uninitialised value(s)
==13470==    at 0x49B1212: __printf_fp_l (printf_fp.c:746)
==13470==    by 0x49CA9AC: __printf_fp_spec (vfprintf-internal.c:354)
==13470==    by 0x49CA9AC: __vfprintf_internal (vfprintf-internal.c:1558)
==13470==    by 0x49B4749: fprintf (fprintf.c:32)
==13470==    by 0x10C5DE: Segmenter (segmenter.c:650)
==13470==    by 0x10D8BA: main (main_test.c:207)
==13470== 
==13470== Conditional jump or move depends on uninitialised value(s)
==13470==    at 0x49B1227: __printf_fp_l (printf_fp.c:756)
==13470==    by 0x49CA9AC: __printf_fp_spec (vfprintf-internal.c:354)
==13470==    by 0x49CA9AC: __vfprintf_internal (vfprintf-internal.c:1558)
==13470==    by 0x49B4749: fprintf (fprintf.c:32)
==13470==    by 0x10C5DE: Segmenter (segmenter.c:650)
==13470==    by 0x10D8BA: main (main_test.c:207)
==13470== 
==13470== Use of uninitialised value of size 8
==13470==    at 0x49A8EDC: __mpn_rshift (rshift.S:62)
==13470==    by 0x49B0CDD: __printf_fp_l (printf_fp.c:779)
==13470==    by 0x49CA9AC: __printf_fp_spec (vfprintf-internal.c:354)
==13470==    by 0x49CA9AC: __vfprintf_internal (vfprintf-internal.c:1558)
==13470==    by 0x49B4749: fprintf (fprintf.c:32)
==13470==    by 0x10C5DE: Segmenter (segmenter.c:650)
==13470==    by 0x10D8BA: main (main_test.c:207)
==13470== 
==13470== Use of uninitialised value of size 8
==13470==    at 0x49A8F01: __mpn_rshift (rshift.S:73)
==13470==    by 0x49B0CDD: __printf_fp_l (printf_fp.c:779)
==13470==    by 0x49CA9AC: __printf_fp_spec (vfprintf-internal.c:354)
==13470==    by 0x49CA9AC: __vfprintf_internal (vfprintf-internal.c:1558)
==13470==    by 0x49B4749: fprintf (fprintf.c:32)
==13470==    by 0x10C5DE: Segmenter (segmenter.c:650)
==13470==    by 0x10D8BA: main (main_test.c:207)
==13470== 
==13470== Conditional jump or move depends on uninitialised value(s)
==13470==    at 0x49B06FB: __printf_fp_l (printf_fp.c:708)
==13470==    by 0x49CA9AC: __printf_fp_spec (vfprintf-internal.c:354)
==13470==    by 0x49CA9AC: __vfprintf_internal (vfprintf-internal.c:1558)
==13470==    by 0x49B4749: fprintf (fprintf.c:32)
==13470==    by 0x10C5DE: Segmenter (segmenter.c:650)
==13470==    by 0x10D8BA: main (main_test.c:207)
==13470== 
==13470== Conditional jump or move depends on uninitialised value(s)
==13470==    at 0x49B0726: __printf_fp_l (printf_fp.c:728)
==13470==    by 0x49CA9AC: __printf_fp_spec (vfprintf-internal.c:354)
==13470==    by 0x49CA9AC: __vfprintf_internal (vfprintf-internal.c:1558)
==13470==    by 0x49B4749: fprintf (fprintf.c:32)
==13470==    by 0x10C5DE: Segmenter (segmenter.c:650)
==13470==    by 0x10D8BA: main (main_test.c:207)
==13470== 
==13470== Use of uninitialised value of size 8
==13470==    at 0x49B072C: __printf_fp_l (printf_fp.c:730)
==13470==    by 0x49CA9AC: __printf_fp_spec (vfprintf-internal.c:354)
==13470==    by 0x49CA9AC: __vfprintf_internal (vfprintf-internal.c:1558)
==13470==    by 0x49B4749: fprintf (fprintf.c:32)
==13470==    by 0x10C5DE: Segmenter (segmenter.c:650)
==13470==    by 0x10D8BA: main (main_test.c:207)
==13470== 
==13470== Conditional jump or move depends on uninitialised value(s)
==13470==    at 0x49B072F: __printf_fp_l (printf_fp.c:730)
==13470==    by 0x49CA9AC: __printf_fp_spec (vfprintf-internal.c:354)
==13470==    by 0x49CA9AC: __vfprintf_internal (vfprintf-internal.c:1558)
==13470==    by 0x49B4749: fprintf (fprintf.c:32)
==13470==    by 0x10C5DE: Segmenter (segmenter.c:650)
==13470==    by 0x10D8BA: main (main_test.c:207)
==13470== 
==13470== Conditional jump or move depends on uninitialised value(s)
==13470==    at 0x49B0735: __printf_fp_l (printf_fp.c:731)
==13470==    by 0x49CA9AC: __printf_fp_spec (vfprintf-internal.c:354)
==13470==    by 0x49CA9AC: __vfprintf_internal (vfprintf-internal.c:1558)
==13470==    by 0x49B4749: fprintf (fprintf.c:32)
==13470==    by 0x10C5DE: Segmenter (segmenter.c:650)
==13470==    by 0x10D8BA: main (main_test.c:207)
==13470== 
==13470== Conditional jump or move depends on uninitialised value(s)
==13470==    at 0x10942F: Argmax (functions.c:80)
==13470==    by 0x10C65C: Segmenter (segmenter.c:657)
==13470==    by 0x10D8BA: main (main_test.c:207)
==13470== 
==13470== Syscall param write(buf) points to uninitialised byte(s)
==13470==    at 0x4A68A37: write (write.c:26)
==13470==    by 0x49DEF6C: _IO_file_write@@GLIBC_2.2.5 (fileops.c:1180)
==13470==    by 0x49E0A60: new_do_write (fileops.c:448)
==13470==    by 0x49E0A60: _IO_new_do_write (fileops.c:425)
==13470==    by 0x49E0A60: _IO_do_write@@GLIBC_2.2.5 (fileops.c:422)
==13470==    by 0x49E0057: _IO_file_close_it@@GLIBC_2.2.5 (fileops.c:135)
==13470==    by 0x49D2E0E: fclose@@GLIBC_2.2.5 (iofclose.c:53)
==13470==    by 0x10D929: main (main_test.c:221)
==13470==  Address 0x4b80723 is 3 bytes inside a block of size 4,096 alloc'd
==13470==    at 0x4848899: malloc (in /usr/libexec/valgrind/vgpreload_memcheck-amd64-linux.so)
==13470==    by 0x49D2C23: _IO_file_doallocate (filedoalloc.c:101)
==13470==    by 0x49E1D5F: _IO_doallocbuf (genops.c:347)
==13470==    by 0x49E0FDF: _IO_file_overflow@@GLIBC_2.2.5 (fileops.c:744)
==13470==    by 0x49B135D: __printf_fp_l (printf_fp.c:1178)
==13470==    by 0x49CA9AC: __printf_fp_spec (vfprintf-internal.c:354)
==13470==    by 0x49CA9AC: __vfprintf_internal (vfprintf-internal.c:1558)
==13470==    by 0x49B4749: fprintf (fprintf.c:32)
==13470==    by 0x10C5DE: Segmenter (segmenter.c:650)
==13470==    by 0x10D8BA: main (main_test.c:207)
==13470== 
==13470== 
==13470== HEAP SUMMARY:
==13470==     in use at exit: 472 bytes in 1 blocks
==13470==   total heap usage: 7 allocs, 6 frees, 14,728 bytes allocated
==13470== 
==13470== LEAK SUMMARY:
==13470==    definitely lost: 0 bytes in 0 blocks
==13470==    indirectly lost: 0 bytes in 0 blocks
==13470==      possibly lost: 0 bytes in 0 blocks
==13470==    still reachable: 472 bytes in 1 blocks
==13470==         suppressed: 0 bytes in 0 blocks
==13470== Reachable blocks (those to which a pointer was found) are not shown.
==13470== To see them, rerun with: --leak-check=full --show-leak-kinds=all
==13470== 
==13470== Use --track-origins=yes to see where uninitialised values come from
==13470== For lists of detected and suppressed errors, rerun with: -s
==13470== ERROR SUMMARY: 27702 errors from 95 contexts (suppressed: 0 from 0)
